[    0.000000] Linux version 4.15.0-166-generic (buildd@lgw01-amd64-012) (gcc version 7.5.0 (Ubuntu 7.5.0-3ubuntu1~18.04)) #174-Ubuntu SMP Wed Dec 8 19:07:44 UTC 2021 (Ubuntu 4.15.0-166.174-generic 4.15.18)
[    0.000000] Command line: BOOT_IMAGE=/boot/vmlinuz-4.15.0-166-generic root=LABEL=cloudimg-rootfs ro console=tty1 console=ttyS0
[    0.000000] KERNEL supported cpus:
[    0.000000]   Intel GenuineIntel
[    0.000000]   AMD AuthenticAMD
[    0.000000]   Centaur CentaurHauls
[    0.000000] [Firmware Bug]: TSC doesn't count with P0 frequency!
[    0.000000] x86/fpu: x87 FPU will use FXSAVE
[    0.000000] e820: BIOS-provided physical RAM map:
[    0.000000] BIOS-e820: [mem 0x0000000000000000-0x000000000009fbff] usable
[    0.000000] BIOS-e820: [mem 0x000000000009fc00-0x000000000009ffff] reserved
[    0.000000] BIOS-e820: [mem 0x00000000000f0000-0x00000000000fffff] reserved
[    0.000000] BIOS-e820: [mem 0x0000000000100000-0x000000000ffeffff] usable
[    0.000000] BIOS-e820: [mem 0x000000000fff0000-0x000000000fffffff] ACPI data
[    0.000000] BIOS-e820: [mem 0x00000000fec00000-0x00000000fec00fff] reserved
[    0.000000] BIOS-e820: [mem 0x00000000fee00000-0x00000000fee00fff] reserved
[    0.000000] BIOS-e820: [mem 0x00000000fffc0000-0x00000000ffffffff] reserved
[    0.000000] NX (Execute Disable) protection: active
[    0.000000] SMBIOS 2.5 present.
[    0.000000] DMI: innotek GmbH VirtualBox/VirtualBox, BIOS VirtualBox 12/01/2006
[    0.000000] Hypervisor detected: KVM
[    0.000000] e820: last_pfn = 0xfff0 max_arch_pfn = 0x400000000
[    0.000000] MTRR: Disabled
[    0.000000] x86/PAT: MTRRs disabled, skipping PAT initialization too.
[    0.000000] CPU MTRRs all blank - virtualized system.
[    0.000000] x86/PAT: Configuration [0-7]: WB  WT  UC- UC  WB  WT  UC- UC  
[    0.000000] found SMP MP-table at [mem 0x0009fff0-0x0009ffff]
[    0.000000] Scanning 1 areas for low memory corruption
[    0.000000] RAMDISK: [mem 0x0db11000-0x0ee24fff]
[    0.000000] ACPI: Early table checksum verification disabled
[    0.000000] ACPI: RSDP 0x00000000000E0000 000024 (v02 VBOX  )
[    0.000000] ACPI: XSDT 0x000000000FFF0030 00003C (v01 VBOX   VBOXXSDT 00000001 ASL  00000061)
[    0.000000] ACPI: FACP 0x000000000FFF00F0 0000F4 (v04 VBOX   VBOXFACP 00000001 ASL  00000061)
[    0.000000] ACPI: DSDT 0x000000000FFF0470 002325 (v02 VBOX   VBOXBIOS 00000002 INTL 20100528)
[    0.000000] ACPI: FACS 0x000000000FFF0200 000040
[    0.000000] ACPI: FACS 0x000000000FFF0200 000040
[    0.000000] ACPI: APIC 0x000000000FFF0240 00005C (v02 VBOX   VBOXAPIC 00000001 ASL  00000061)
[    0.000000] ACPI: SSDT 0x000000000FFF02A0 0001CC (v01 VBOX   VBOXCPUT 00000002 INTL 20100528)
[    0.000000] ACPI: Reserving FACP table memory at [mem 0xfff00f0-0xfff01e3]
[    0.000000] ACPI: Reserving DSDT table memory at [mem 0xfff0470-0xfff2794]
[    0.000000] ACPI: Reserving FACS table memory at [mem 0xfff0200-0xfff023f]
[    0.000000] ACPI: Reserving FACS table memory at [mem 0xfff0200-0xfff023f]
[    0.000000] ACPI: Reserving APIC table memory at [mem 0xfff0240-0xfff029b]
[    0.000000] ACPI: Reserving SSDT table memory at [mem 0xfff02a0-0xfff046b]
[    0.000000] No NUMA configuration found
[    0.000000] Faking a node at [mem 0x0000000000000000-0x000000000ffeffff]
[    0.000000] NODE_DATA(0) allocated [mem 0x0ffc5000-0x0ffeffff]
[    0.000000] kvm-clock: cpu 0, msr 0:ff44001, primary cpu clock
[    0.000000] kvm-clock: Using msrs 4b564d01 and 4b564d00
[    0.000000] kvm-clock: using sched offset of 3496219800 cycles
[    0.000000] clocksource: kvm-clock: mask: 0xffffffffffffffff max_cycles: 0x1cd42e4dffb, max_idle_ns: 881590591483 ns
[    0.000000] Zone ranges:
[    0.000000]   DMA      [mem 0x0000000000001000-0x0000000000ffffff]
[    0.000000]   DMA32    [mem 0x0000000001000000-0x000000000ffeffff]
[    0.000000]   Normal   empty
[    0.000000]   Device   empty
[    0.000000] Movable zone start for each node
[    0.000000] Early memory node ranges
[    0.000000]   node   0: [mem 0x0000000000001000-0x000000000009efff]
[    0.000000]   node   0: [mem 0x0000000000100000-0x000000000ffeffff]
[    0.000000] Reserved but unavailable: 104 pages
[    0.000000] Initmem setup node 0 [mem 0x0000000000001000-0x000000000ffeffff]
[    0.000000] ACPI: PM-Timer IO Port: 0x4008
[    0.000000] IOAPIC[0]: apic_id 2, version 32, address 0xfec00000, GSI 0-23
[    0.000000] ACPI: INT_SRC_OVR (bus 0 bus_irq 0 global_irq 2 dfl dfl)
[    0.000000] ACPI: INT_SRC_OVR (bus 0 bus_irq 9 global_irq 9 low level)
[    0.000000] Using ACPI (MADT) for SMP configuration information
[    0.000000] smpboot: Allowing 2 CPUs, 0 hotplug CPUs
[    0.000000] PM: Registered nosave memory: [mem 0x00000000-0x00000fff]
[    0.000000] PM: Registered nosave memory: [mem 0x0009f000-0x0009ffff]
[    0.000000] PM: Registered nosave memory: [mem 0x000a0000-0x000effff]
[    0.000000] PM: Registered nosave memory: [mem 0x000f0000-0x000fffff]
[    0.000000] e820: [mem 0x10000000-0xfebfffff] available for PCI devices
[    0.000000] Booting paravirtualized kernel on KVM
[    0.000000] clocksource: refined-jiffies: mask: 0xffffffff max_cycles: 0xffffffff, max_idle_ns: 7645519600211568 ns
[    0.000000] random: get_random_bytes called from start_kernel+0x99/0x500 with crng_init=0
[    0.000000] setup_percpu: NR_CPUS:8192 nr_cpumask_bits:2 nr_cpu_ids:2 nr_node_ids:1
[    0.000000] percpu: Embedded 45 pages/cpu s147456 r8192 d28672 u1048576
[    0.000000] PV qspinlock hash table entries: 256 (order: 0, 4096 bytes)
[    0.000000] Built 1 zonelists, mobility grouping on.  Total pages: 64377
[    0.000000] Policy zone: DMA32
[    0.000000] Kernel command line: BOOT_IMAGE=/boot/vmlinuz-4.15.0-166-generic root=LABEL=cloudimg-rootfs ro console=tty1 console=ttyS0
[    0.000000] Memory: 208556K/261688K available (12300K kernel code, 2483K rwdata, 4320K rodata, 2448K init, 2724K bss, 53132K reserved, 0K cma-reserved)
[    0.000000] SLUB: HWalign=64, Order=0-3, MinObjects=0, CPUs=2, Nodes=1
[    0.000000] ftrace: allocating 39491 entries in 155 pages
[    0.004000] Hierarchical RCU implementation.
[    0.004000] 	RCU restricting CPUs from NR_CPUS=8192 to nr_cpu_ids=2.
[    0.004000] 	Tasks RCU enabled.
[    0.004000] RCU: Adjusting geometry for rcu_fanout_leaf=16, nr_cpu_ids=2
[    0.004000] NR_IRQS: 524544, nr_irqs: 440, preallocated irqs: 16
[    0.004000] Console: colour VGA+ 80x25
[    0.004000] console [tty1] enabled
[    0.004000] console [ttyS0] enabled
[    0.004000] ACPI: Core revision 20170831
[    0.004000] ACPI: 2 ACPI AML tables successfully acquired and loaded
[    0.004000] APIC: Switch to symmetric I/O mode setup
[    0.004000] ..TIMER: vector=0x30 apic1=0 pin1=2 apic2=-1 pin2=-1
[    0.004003] tsc: Detected 3700.014 MHz processor
[    0.005697] Calibrating delay loop (skipped) preset value.. 7400.02 BogoMIPS (lpj=14800056)
[    0.008005] pid_max: default: 32768 minimum: 301
[    0.009748] Security Framework initialized
[    0.012002] Yama: becoming mindful.
[    0.013410] AppArmor: AppArmor initialized
[    0.016047] Dentry cache hash table entries: 32768 (order: 6, 262144 bytes)
[    0.018658] Inode-cache hash table entries: 16384 (order: 5, 131072 bytes)
[    0.020007] Mount-cache hash table entries: 512 (order: 0, 4096 bytes)
[    0.022271] Mountpoint-cache hash table entries: 512 (order: 0, 4096 bytes)
[    0.024563] Last level iTLB entries: 4KB 512, 2MB 512, 4MB 256
[    0.028002] Last level dTLB entries: 4KB 2048, 2MB 2048, 4MB 1024, 1GB 0
[    0.030319] Spectre V1 : Mitigation: usercopy/swapgs barriers and __user pointer sanitization
[    0.032002] Spectre V2 : Spectre mitigation: LFENCE not serializing, switching to generic retpoline
[    0.036002] Spectre V2 : Mitigation: Full generic retpoline
[    0.038158] Spectre V2 : Spectre v2 / SpectreRSB mitigation: Filling RSB on context switch
[    0.040002] Speculative Store Bypass: Vulnerable
[    0.044059] Freeing SMP alternatives memory: 36K
[    0.156187] smpboot: CPU0: AMD Ryzen 9 5900X 12-Core Processor (family: 0x19, model: 0x21, stepping: 0x0)
[    0.159528] Performance Events: PMU not available due to virtualization, using software events only.
[    0.160027] Hierarchical SRCU implementation.
[    0.164382] NMI watchdog: Perf event create on CPU 0 failed with -2
[    0.166692] NMI watchdog: Perf NMI watchdog permanently disabled
[    0.168031] smp: Bringing up secondary CPUs ...
[    0.169977] x86: Booting SMP configuration:
[    0.172002] .... node  #0, CPUs:      #1
[    0.004000] kvm-clock: cpu 1, msr 0:ff44041, secondary cpu clock
[    0.178151] smp: Brought up 1 node, 2 CPUs
[    0.178151] smpboot: Max logical packages: 1
[    0.180004] smpboot: Total of 2 processors activated (14800.05 BogoMIPS)
[    0.184047] devtmpfs: initialized
[    0.185320] x86/mm: Memory block size: 128MB
[    0.185320] evm: security.selinux
[    0.185348] evm: security.SMACK64
[    0.188003] evm: security.SMACK64EXEC
[    0.189617] evm: security.SMACK64TRANSMUTE
[    0.191214] evm: security.SMACK64MMAP
[    0.192001] evm: security.apparmor
[    0.193352] evm: security.ima
[    0.194533] evm: security.capability
[    0.196099] clocksource: jiffies: mask: 0xffffffff max_cycles: 0xffffffff, max_idle_ns: 7645041785100000 ns
[    0.200007] futex hash table entries: 512 (order: 3, 32768 bytes)
[    0.204034] pinctrl core: initialized pinctrl subsystem
[    0.206008] RTC time: 16:41:57, date: 01/19/22
[    0.208430] NET: Registered protocol family 16
[    0.210057] audit: initializing netlink subsys (disabled)
[    0.212000] audit: type=2000 audit(1642610522.487:1): state=initialized audit_enabled=0 res=1
[    0.212050] cpuidle: using governor ladder
[    0.213426] cpuidle: using governor menu
[    0.216107] ACPI: bus type PCI registered
[    0.216107] acpiphp: ACPI Hot Plug PCI Controller Driver version: 0.5
[    0.220052] PCI: Using configuration type 1 for base access
[    0.222153] PCI: Using configuration type 1 for extended access
[    0.228160] HugeTLB registered 2.00 MiB page size, pre-allocated 0 pages
[    0.228160] ACPI: Added _OSI(Module Device)
[    0.229697] ACPI: Added _OSI(Processor Device)
[    0.232002] ACPI: Added _OSI(3.0 _SCP Extensions)
[    0.233785] ACPI: Added _OSI(Processor Aggregator Device)
[    0.236007] ACPI: Added _OSI(Linux-Dell-Video)
[    0.237704] ACPI: Added _OSI(Linux-Lenovo-NV-HDMI-Audio)
[    0.240003] ACPI: Added _OSI(Linux-HPI-Hybrid-Graphics)
[    0.244096] ACPI: Executed 1 blocks of module-level executable AML code
[    0.248963] ACPI: Interpreter enabled
[    0.250416] ACPI: (supports S0 S5)
[    0.252002] ACPI: Using IOAPIC for interrupt routing
[    0.254022] PCI: Using host bridge windows from ACPI; if necessary, use "pci=nocrs" and report a bug
[    0.260111] ACPI: Enabled 2 GPEs in block 00 to 07
[    0.263844] ACPI: PCI Root Bridge [PCI0] (domain 0000 [bus 00-ff])
[    0.268006] acpi PNP0A03:00: _OSC: OS supports [ExtendedConfig ASPM ClockPM Segments MSI]
[    0.268713] acpi PNP0A03:00: _OSC: platform does not support [PCIeCapability]
[    0.272354] acpi PNP0A03:00: _OSC: not requesting control; platform does not support [PCIeCapability]
[    0.275483] acpi PNP0A03:00: _OSC: OS requested [PCIeHotplug PME AER PCIeCapability]
[    0.280004] acpi PNP0A03:00: _OSC: platform willing to grant [PCIeHotplug PME AER]
[    0.280004] acpi PNP0A03:00: _OSC failed (AE_SUPPORT); disabling ASPM
[    0.282866] PCI host bridge to bus 0000:00
[    0.284003] pci_bus 0000:00: root bus resource [io  0x0000-0x0cf7 window]
[    0.286457] pci_bus 0000:00: root bus resource [io  0x0d00-0xffff window]
[    0.292002] pci_bus 0000:00: root bus resource [mem 0x000a0000-0x000bffff window]
[    0.292002] pci_bus 0000:00: root bus resource [mem 0x10000000-0xfdffffff window]
[    0.294987] pci_bus 0000:00: root bus resource [bus 00-ff]
[    0.302092] pci 0000:00:01.1: legacy IDE quirk: reg 0x10: [io  0x01f0-0x01f7]
[    0.303249] pci 0000:00:01.1: legacy IDE quirk: reg 0x14: [io  0x03f6]
[    0.308003] pci 0000:00:01.1: legacy IDE quirk: reg 0x18: [io  0x0170-0x0177]
[    0.308003] pci 0000:00:01.1: legacy IDE quirk: reg 0x1c: [io  0x0376]
[    0.345755] pci 0000:00:07.0: quirk: [io  0x4000-0x403f] claimed by PIIX4 ACPI
[    0.352024] pci 0000:00:07.0: quirk: [io  0x4100-0x410f] claimed by PIIX4 SMB
[    0.360281] ACPI: PCI Interrupt Link [LNKA] (IRQs 5 9 10 *11)
[    0.364013] ACPI: PCI Interrupt Link [LNKB] (IRQs 5 9 *10 11)
[    0.366200] ACPI: PCI Interrupt Link [LNKC] (IRQs 5 *9 10 11)
[    0.372096] ACPI: PCI Interrupt Link [LNKD] (IRQs 5 9 10 *11)
[    0.376216] SCSI subsystem initialized
[    0.376216] pci 0000:00:02.0: vgaarb: setting as boot VGA device
[    0.378132] pci 0000:00:02.0: vgaarb: VGA device added: decodes=io+mem,owns=io+mem,locks=none
[    0.380004] pci 0000:00:02.0: vgaarb: bridge control possible
[    0.382124] vgaarb: loaded
[    0.383122] ACPI: bus type USB registered
[    0.384030] usbcore: registered new interface driver usbfs
[    0.385977] usbcore: registered new interface driver hub
[    0.388007] usbcore: registered new device driver usb
[    0.392071] EDAC MC: Ver: 3.0.0
[    0.392362] PCI: Using ACPI for IRQ routing
[    0.396355] NetLabel: Initializing
[    0.397556] NetLabel:  domain hash size = 128
[    0.400001] NetLabel:  protocols = UNLABELED CIPSOv4 CALIPSO
[    0.402167] NetLabel:  unlabeled traffic allowed by default
[    0.404174] clocksource: Switched to clocksource kvm-clock
[    0.421951] VFS: Disk quotas dquot_6.6.0
[    0.423524] VFS: Dquot-cache hash table entries: 512 (order 0, 4096 bytes)
[    0.426375] AppArmor: AppArmor Filesystem Enabled
[    0.428305] pnp: PnP ACPI init
[    0.430337] pnp: PnP ACPI: found 3 devices
[    0.453509] clocksource: acpi_pm: mask: 0xffffff max_cycles: 0xffffff, max_idle_ns: 2085701024 ns
[    0.456782] NET: Registered protocol family 2
[    0.458544] IP idents hash table entries: 4096 (order: 3, 32768 bytes)
[    0.461267] TCP established hash table entries: 2048 (order: 2, 16384 bytes)
[    0.464080] TCP bind hash table entries: 2048 (order: 3, 32768 bytes)
[    0.466377] TCP: Hash tables configured (established 2048 bind 2048)
[    0.468772] UDP hash table entries: 256 (order: 1, 8192 bytes)
[    0.470937] UDP-Lite hash table entries: 256 (order: 1, 8192 bytes)
[    0.473685] NET: Registered protocol family 1
[    0.475374] pci 0000:00:00.0: Limiting direct PCI/PCI transfers
[    0.477765] pci 0000:00:01.0: Activating ISA DMA hang workarounds
[    0.479937] pci 0000:00:02.0: Video device with shadowed ROM at [mem 0x000c0000-0x000dffff]
[    0.483262] Unpacking initramfs...
[    0.748115] Freeing initrd memory: 19536K
[    0.750386] clocksource: tsc: mask: 0xffffffffffffffff max_cycles: 0x6aaac4c722d, max_idle_ns: 881590506591 ns
[    0.754005] platform rtc_cmos: registered platform RTC device (no PNP device found)
[    0.756758] Scanning for low memory corruption every 60 seconds
[    0.759983] Initialise system trusted keyrings
[    0.761878] Key type blacklist registered
[    0.763646] workingset: timestamp_bits=36 max_order=16 bucket_order=0
[    0.767105] zbud: loaded
[    0.768869] squashfs: version 4.0 (2009/01/31) Phillip Lougher
[    0.771460] fuse init (API version 7.26)
[    0.787314] Key type asymmetric registered
[    0.788724] Asymmetric key parser 'x509' registered
[    0.790536] Block layer SCSI generic (bsg) driver version 0.4 loaded (major 246)
[    0.793525] io scheduler noop registered
[    0.794893] io scheduler deadline registered
[    0.796549] io scheduler cfq registered (default)
[    0.798777] ACPI: AC Adapter [AC] (on-line)
[    0.800248] input: Power Button as /devices/LNXSYSTM:00/LNXPWRBN:00/input/input0
[    0.803037] ACPI: Power Button [PWRF]
[    0.804399] input: Sleep Button as /devices/LNXSYSTM:00/LNXSLPBN:00/input/input1
[    0.807107] ACPI: Sleep Button [SLPF]
[    0.809411] Serial: 8250/16550 driver, 32 ports, IRQ sharing enabled
[    0.834678] 00:02: ttyS0 at I/O 0x3f8 (irq = 4, base_baud = 115200) is a 16550A
[    0.846431] Linux agpgart interface v0.103
[    0.852235] loop: module loaded
[    0.854504] scsi host0: ata_piix
[    0.855969] scsi host1: ata_piix
[    0.857325] ata1: PATA max UDMA/33 cmd 0x1f0 ctl 0x3f6 bmdma 0xd000 irq 14
[    0.859632] ata2: PATA max UDMA/33 cmd 0x170 ctl 0x376 bmdma 0xd008 irq 15
[    0.862688] libphy: Fixed MDIO Bus: probed
[    0.864352] tun: Universal TUN/TAP device driver, 1.6
[    0.866282] PPP generic driver version 2.4.2
[    0.868014] ehci_hcd: USB 2.0 'Enhanced' Host Controller (EHCI) Driver
[    0.870337] ehci-pci: EHCI PCI platform driver
[    0.872108] ehci-platform: EHCI generic platform driver
[    0.874135] ohci_hcd: USB 1.1 'Open' Host Controller (OHCI) Driver
[    0.876594] ohci-pci: OHCI PCI platform driver
[    0.878247] ohci-platform: OHCI generic platform driver
[    0.880204] uhci_hcd: USB Universal Host Controller Interface driver
[    0.882544] i8042: PNP: PS/2 Controller [PNP0303:PS2K,PNP0f03:PS2M] at 0x60,0x64 irq 1,12
[    0.887018] serio: i8042 KBD port at 0x60,0x64 irq 1
[    0.888909] serio: i8042 AUX port at 0x60,0x64 irq 12
[    0.890988] mousedev: PS/2 mouse device common for all mice
[    0.893932] input: AT Translated Set 2 keyboard as /devices/platform/i8042/serio0/input/input2
[    0.896588] rtc_cmos rtc_cmos: rtc core: registered rtc_cmos as rtc0
[    0.899478] rtc_cmos rtc_cmos: alarms up to one day, 114 bytes nvram
[    0.901900] i2c /dev entries driver
[    0.903472] device-mapper: uevent: version 1.0.3
[    0.905386] device-mapper: ioctl: 4.37.0-ioctl (2017-09-20) initialised: dm-devel@redhat.com
[    0.908353] ledtrig-cpu: registered to indicate activity on CPUs
[    0.911299] NET: Registered protocol family 10
[    0.916849] Segment Routing with IPv6
[    0.918109] NET: Registered protocol family 17
[    0.919933] Key type dns_resolver registered
[    0.922168] mce: Using 0 MCE banks
[    0.923538] RAS: Correctable Errors collector initialized.
[    0.925689] sched_clock: Marking stable (925636045, 0)->(1230971400, -305335355)
[    0.929701] registered taskstats version 1
[    0.931194] Loading compiled-in X.509 certificates
[    0.935623] Loaded X.509 cert 'Build time autogenerated kernel key: 408b96eb428cbe545a63e9a677d083d5c6df802b'
[    0.939334] Loaded X.509 cert 'Canonical Ltd. Live Patch Signing: 14df34d1a87cf37625abec039ef2bf521249b969'
[    0.943222] Loaded X.509 cert 'Canonical Ltd. Kernel Module Signing: 88f752e560a1e0737e31163a466ad7b70a850c19'
[    0.946887] blacklist: Loading compiled-in revocation X.509 certificates
[    0.949305] Loaded X.509 cert 'Canonical Ltd. Secure Boot Signing: 61482aa2830d0ab2ad5af10b7250da9033ddcef0'
[    0.952647] zswap: loaded using pool lzo/zbud
[    0.959531] Key type big_key registered
[    0.961119] Key type trusted registered
[    0.964489] Key type encrypted registered
[    0.965997] AppArmor: AppArmor sha1 policy hashing enabled
[    0.967914] ima: No TPM chip found, activating TPM-bypass! (rc=-19)
[    0.970167] ima: Allocated hash algorithm: sha1
[    0.972411] evm: HMAC attrs: 0x1
[    0.974152]   Magic number: 6:227:692
[    0.975910] rtc_cmos rtc_cmos: setting system clock to 2022-01-19 16:41:58 UTC (1642610518)
[    0.979358] BIOS EDD facility v0.16 2004-Jun-25, 0 devices found
[    0.981463] EDD information not available.
[    1.060200] Freeing unused kernel image memory: 2448K
[    1.072149] Write protecting the kernel read-only data: 20480k
[    1.074871] Freeing unused kernel image memory: 2008K
[    1.077055] Freeing unused kernel image memory: 1824K
[    1.082220] x86/mm: Checked W+X mappings: passed, no W+X pages found.
Loading, please wait...
starting version 237
[    1.129240] e1000: Intel(R) PRO/1000 Network Driver - version 7.3.21-k8-NAPI
[    1.132112] e1000: Copyright (c) 1999-2006 Intel Corporation.
[    1.134825] Fusion MPT base driver 3.04.20
[    1.136369] Copyright (c) 1999-2008 LSI Corporation
[    1.145398] Fusion MPT SPI Host driver 3.04.20
[    1.363546] input: ImExPS/2 Generic Explorer Mouse as /devices/platform/i8042/serio1/input/input4
[    1.589386] e1000 0000:00:03.0 eth0: (PCI:33MHz:32-bit) 02:8d:1f:db:13:bf
[    1.591859] e1000 0000:00:03.0 eth0: Intel(R) PRO/1000 Network Connection
[    2.034801] e1000 0000:00:08.0 eth1: (PCI:33MHz:32-bit) 08:00:27:76:ac:41
[    2.037199] e1000 0000:00:08.0 eth1: Intel(R) PRO/1000 Network Connection
[    2.040762] e1000 0000:00:03.0 enp0s3: renamed from eth0
[    2.043166] mptbase: ioc0: Initiating bringup
[    2.080592] e1000 0000:00:08.0 enp0s8: renamed from eth1
[    4.256860] ioc0: LSI53C1030 A0: Capabilities={Initiator}
[    4.504594] scsi host2: ioc0: LSI53C1030 A0, FwRev=00000000h, Ports=1, MaxQ=256, IRQ=20
[    4.673414] scsi 2:0:0:0: Direct-Access     VBOX     HARDDISK         1.0  PQ: 0 ANSI: 5
[    4.708261] scsi target2:0:0: Beginning Domain Validation
[    4.713919] scsi target2:0:0: Domain Validation skipping write tests
[    4.716149] scsi target2:0:0: Ending Domain Validation
[    4.718155] scsi target2:0:0: asynchronous
[    4.720435] scsi 2:0:1:0: Direct-Access     VBOX     HARDDISK         1.0  PQ: 0 ANSI: 5
[    4.813072] scsi target2:0:1: Beginning Domain Validation
[    4.816827] random: fast init done
[    4.819212] scsi target2:0:1: Domain Validation skipping write tests
[    4.821411] scsi target2:0:1: Ending Domain Validation
[    4.823452] scsi target2:0:1: asynchronous
[    4.830763] sd 2:0:0:0: Attached scsi generic sg0 type 0
[    4.830766] random: systemd-udevd: uninitialized urandom read (16 bytes read)
[    4.832767] sd 2:0:1:0: Attached scsi generic sg1 type 0
[    4.835002] random: systemd-udevd: uninitialized urandom read (16 bytes read)
[    4.839810] random: systemd-udevd: uninitialized urandom read (16 bytes read)
[    4.842822] sd 2:0:0:0: [sda] 83886080 512-byte logical blocks: (42.9 GB/40.0 GiB)
[    4.845470] sd 2:0:1:0: [sdb] 20480 512-byte logical blocks: (10.5 MB/10.0 MiB)
[    4.848072] sd 2:0:0:0: [sda] Write Protect is off
[    4.848128] sd 2:0:1:0: [sdb] Write Protect is off
[    4.851762] sd 2:0:0:0: [sda] Incomplete mode parameter data
[    4.851800] sd 2:0:1:0: [sdb] Incomplete mode parameter data
[    4.853666] sd 2:0:0:0: [sda] Assuming drive cache: write through
[    4.855649] sd 2:0:1:0: [sdb] Assuming drive cache: write through
[    4.862514]  sda: sda1
[    4.865362] sd 2:0:0:0: [sda] Attached SCSI disk
[    4.865385] sd 2:0:1:0: [sdb] Attached SCSI disk
Begin: Loading essential drivers ... [    7.222847] raid6: sse2x1   gen() 171493 MB/s
[    9.220247] raid6: sse2x1   xor() 340955 MB/s
[   11.220744] raid6: sse2x2   gen() 403654 MB/s
[   11.278606] raid6: sse2x2   xor() 23353 MB/s
[   11.353782] raid6: sse2x4   gen() 24623 MB/s
[   11.418239] raid6: sse2x4   xor() 13457 MB/s
[   11.419734] raid6: using algorithm sse2x2 gen() 403654 MB/s
[   11.421761] raid6: .... xor() 23353 MB/s, rmw enabled
[   11.423533] raid6: using ssse3x2 recovery algorithm
[   11.426462] xor: measuring software checksum speed
[   11.468116]    prefetch64-sse: 24901.000 MB/sec
[   11.508109]    generic_sse: 23181.000 MB/sec
[   11.509760] xor: using function: prefetch64-sse (24901.000 MB/sec)
[   11.513187] async_tx: api initialized (async)
done.
Begin: Running /scripts/init-premount ... done.
Begin: Mounting root file system ... Begin: Running /scripts/local-top ... done.
Begin: Running /scripts/local-premount ... [   11.543560] Btrfs loaded, crc32c=crc32c-intel
Scanning for Btrfs filesystems
done.
Warning: fsck not present, so skipping root file system
[   11.567584] EXT4-fs (sda1): mounted filesystem with ordered data mode. Opts: (null)
done.
Begin: Running /scripts/local-bottom ... done.
Begin: Running /scripts/init-bottom ... done.
[   11.687763] ip_tables: (C) 2000-2006 Netfilter Core Team
[   11.696730] systemd[1]: systemd 237 running in system mode. (+PAM +AUDIT +SELINUX +IMA +APPARMOR +SMACK +SYSVINIT +UTMP +LIBCRYPTSETUP +GCRYPT +GNUTLS +ACL +XZ +LZ4 +SECCOMP +BLKID +ELFUTILS +KMOD -IDN2 +IDN -PCRE2 default-hierarchy=hybrid)
[   11.703802] systemd[1]: Detected virtualization oracle.
[   11.706009] systemd[1]: Detected architecture x86-64.

Welcome to [1mUbuntu 18.04.6 LTS[0m!

[   11.721350] systemd[1]: Set hostname to <ubuntu>.
[   11.725636] systemd[1]: Initializing machine ID from random generator.
[   11.727826] systemd[1]: Installed transient /etc/machine-id file.
[   11.915407] systemd[1]: Reached target System Time Synchronized.
[[0;32m  OK  [0m] Reached target System Time Synchronized.
[   11.922058] systemd[1]: Created slice System Slice.
[[0;32m  OK  [0m] Created slice System Slice.
[   11.924605] systemd[1]: Listening on udev Control Socket.
[[0;32m  OK  [0m] Listening on udev Control Socket.
[   11.927222] systemd[1]: Listening on LVM2 metadata daemon socket.
[[0;32m  OK  [0m] Listening on LVM2 metadata daemon socket.
[[0;32m  OK  [0m] Listening on udev Kernel Socket.
[[0;32m  OK  [0m] Created slice system-serial\x2dgetty.slice.
[[0;32m  OK  [0m] Listening on Device-mapper event daemon FIFOs.
[[0;32m  OK  [0m] Listening on Journal Audit Socket.
[[0;32m  OK  [0m] Reached target Swap.
[[0;32m  OK  [0m] Listening on Syslog Socket.
[[0;32m  OK  [0m] Listening on LVM2 poll daemon socket.
[[0;32m  OK  [0m] Listening on Network Service Netlink Socket.
[[0;32m  OK  [0m] Created slice User and Session Slice.
[[0;32m  OK  [0m] Reached target Slices.
[[0;32m  OK  [0m] Started Forward Password Requests to Wall Directory Watch.
[[0;32m  OK  [0m] Listening on Journal Socket (/dev/log).
[[0;32m  OK  [0m] Listening on /dev/initctl Compatibility Named Pipe.
[[0;32m  OK  [0m] Listening on Journal Socket.
         Starting Create list of required stâ€¦ce nodes for the current kernel...
         Starting Load Kernel Modules...
         Mounting Huge Pages File System...
         Starting Set the console keyboard layout...
         Starting Journal Service...
         Mounting Kernel Debug File System...
         Starting Uncomplicated firewall...
         Starting Monitoring of LVM2 mirrorsâ€¦ng dmeventd or progress polling...
         Starting udev Coldplug all Devices...
[[0;32m  OK  [0m] Set up automount Arbitrary Executabâ€¦rmats File System Automount Point.
[[0;32m  OK  [0m] Listening on fsck to fsckd communication Socket.
         Starting File System Check on Root Device...
[[0;32m  OK  [0m] Reached target User and Group Name Lookups.
         Mounting POSIX Message Queue File System...
[[0;32m  OK  [0m] Started Create list of required staâ€¦vice nodes for the current kernel.
[[0;32m  OK  [0m] Started Uncomplicated firewall.
[[0;32m  OK  [0m] Started File System Check Daemon to report status.
[[0;32m  OK  [0m] Started LVM2 metadata daemon.
         Starting Create Static Device Nodes in /dev...
[[0;32m  OK  [0m] Mounted POSIX Message Queue File System.
[[0;32m  OK  [0m] [   12.030149] Loading iSCSI transport class v2.0-870.
Mounted Huge Pages File System.
[[0;32m  OK  [0m] Mounted Kernel Debug File System.
[   12.037436] iscsi: registered transport (tcp)
[[0;32m  OK  [0m] Started udev Coldplug all Devices.
[[0;32m  OK  [0m] Started Journal Service.
[[0;32m  OK  [0m] Started Create Static Device Nodes in /dev.
[[0;32m  OK  [0m] Started File System Check on Root Device.
         Starting Remount Root and Kernel File Systems...
[   12.108261] iscsi: registered transport (iser)
[[0;32m  OK  [0m] Started Load Kernel Modules.
         Mounting FUSE Control File System...
         Mounting Kernel Configuration File System...
         Starting Apply Kernel Variables...
[[0;32m  OK  [0m] Started Monitoring of LVM2 mirrors,â€¦sing dmeventd or progress polling.
[[0;32m  OK  [0m] Mounted FUSE Control File System.
[[0;32m  OK  [0m] Mounted Kernel Configuration File System.
[[0;32m  OK  [0m] Started Remount Root and Kernel File Systems.
         Starting Load/Save Random Seed...
         Starting udev Kernel Device Manager...
         Starting Flush Journal to Persistent Storage...
[[0;32m  OK  [0m] Started Apply Kernel Variables.
[[0;32m  OK  [0m] Started Load/Save Random Seed.
[[0;32m  OK  [0m] Started udev Kernel Device Manager.
[[0;32m  OK  [0m] Started Flush Journal to Persistent Storage.
[[0;32m  OK  [0m] Found device /dev/ttyS0.
[[0;32m  OK  [0m] Listening on Load/Save RF Kill Switch Status /dev/rfkill Watch.
[[0;32m  OK  [0m] Started Set the console keyboard layout.
[[0;32m  OK  [0m] Started Dispatch Password Requests to Console Directory Watch.
[[0;32m  OK  [0m] Reached target Local Encrypted Volumes.
[[0;32m  OK  [0m] Reached target Local File Systems (Pre).
[[0;32m  OK  [0m] Reached target Local File Systems.
         Starting AppArmor initialization...
         Starting ebtables ruleset management...
         Starting Set console font and keymap...
         Starting Tell Plymouth To Write Out Runtime Data...
         Starting Commit a transient machine-id on disk...
         Starting Create Volatile Files and Directories...
[[0;32m  OK  [0m] Started Tell Plymouth To Write Out Runtime Data.
[[0;32m  OK  [0m] Started Create Volatile Files and Directories.
         Starting Update UTMP about System Boot/Shutdown...
[[0;32m  OK  [0m] Started Update UTMP about System Boot/Shutdown.
[[0;32m  OK  [0m] Started Commit a transient machine-id on disk.
[[0;32m  OK  [0m] Started ebtables ruleset management.
[[0;32m  OK  [0m] Started AppArmor initialization.
         Starting Initial cloud-init job (pre-networking)...
         Starting Load AppArmor profiles managed internally by snapd...
[[0;32m  OK  [0m] Started Load AppArmor profiles managed internally by snapd.
[[0;32m  OK  [0m] Started Set console font and keymap.
[   13.919494] cloud-init[726]: Cloud-init v. 21.4-0ubuntu1~18.04.1 running 'init-local' at Wed, 19 Jan 2022 16:42:11 +0000. Up 13.74 seconds.
[[0;32m  OK  [0m] Started Initial cloud-init job (pre-networking).
[[0;32m  OK  [0m] Reached target Network (Pre).
         Starting Network Service...
[[0;32m  OK  [0m] Started Network Service.
         Starting Network Name Resolution...
         Starting Wait for Network to be Configured...
[[0;32m  OK  [0m] Started Network Name Resolution.
[[0;32m  OK  [0m] Reached target Host and Network Name Lookups.
[[0;32m  OK  [0m] Reached target Network.
[[0;32m  OK  [0m] Started Wait for Network to be Configured.
         Starting Initial cloud-init job (metadata service crawler)...
[   16.141905] cloud-init[894]: Cloud-init v. 21.4-0ubuntu1~18.04.1 running 'init' at Wed, 19 Jan 2022 16:42:13 +0000. Up 16.07 seconds.
[   16.143779] cloud-init[894]: ci-info: ++++++++++++++++++++++++++++++++++++++Net device info+++++++++++++++++++++++++++++++++++++++
[   16.145362] cloud-init[894]: ci-info: +--------+-------+----------------------------+---------------+--------+-------------------+
[   16.146872] cloud-init[894]: ci-info: | Device |   Up  |          Address           |      Mask     | Scope  |     Hw-Address    |
[   16.148430] cloud-init[894]: ci-info: +--------+-------+----------------------------+---------------+--------+-------------------+
[   16.149977] cloud-init[894]: ci-info: | enp0s3 |  True |         10.0.2.15          | 255.255.255.0 | global | 02:8d:1f:db:13:bf |
[   16.151568] cloud-init[894]: ci-info: | enp0s3 |  True | fe80::8d:1fff:fedb:13bf/64 |       .       |  link  | 02:8d:1f:db:13:bf |
[   16.153135] cloud-init[894]: ci-info: | enp0s8 | False |             .              |       .       |   .    | 08:00:27:76:ac:41 |
[   16.154705] cloud-init[894]: ci-info: |   lo   |  True |         127.0.0.1          |   255.0.0.0   |  host  |         .         |
[   16.156215] cloud-init[894]: ci-info: |   lo   |  True |          ::1/128           |       .       |  host  |         .         |
[   16.157760] cloud-init[894]: ci-info: +--------+-------+----------------------------+---------------+--------+-------------------+
[   16.159337] cloud-init[894]: ci-info: ++++++++++++++++++++++++++++Route IPv4 info+++++++++++++++++++++++++++++
[   16.160678] cloud-init[894]: ci-info: +-------+-------------+----------+-----------------+-----------+-------+
[   16.161942] cloud-init[894]: ci-info: | Route | Destination | Gateway  |     Genmask     | Interface | Flags |
[   16.163306] cloud-init[894]: ci-info: +-------+-------------+----------+-----------------+-----------+-------+
[   16.164682] cloud-init[894]: ci-info: |   0   |   0.0.0.0   | 10.0.2.2 |     0.0.0.0     |   enp0s3  |   UG  |
[   16.166117] cloud-init[894]: ci-info: |   1   |   10.0.2.0  | 0.0.0.0  |  255.255.255.0  |   enp0s3  |   U   |
[   16.167459] cloud-init[894]: ci-info: |   2   |   10.0.2.2  | 0.0.0.0  | 255.255.255.255 |   enp0s3  |   UH  |
[   16.168805] cloud-init[894]: ci-info: +-------+-------------+----------+-----------------+-----------+-------+
[   16.170124] cloud-init[894]: ci-info: +++++++++++++++++++Route IPv6 info+++++++++++++++++++
[   16.171264] cloud-init[894]: ci-info: +-------+-------------+---------+-----------+-------+
[   16.172408] cloud-init[894]: ci-info: | Route | Destination | Gateway | Interface | Flags |
[   16.173526] cloud-init[894]: ci-info: +-------+-------------+---------+-----------+-------+
[   16.174890] cloud-init[894]: ci-info: |   1   |  fe80::/64  |    ::   |   enp0s3  |   U   |
[   16.176031] cloud-init[894]: ci-info: |   3   |    local    |    ::   |   enp0s3  |   U   |
[   16.177190] cloud-init[894]: ci-info: |   4   |   ff00::/8  |    ::   |   enp0s3  |   U   |
[   16.178283] cloud-init[894]: ci-info: +-------+-------------+---------+-----------+-------+
[   16.738449] cloud-init[894]: Generating public/private rsa key pair.
[   16.740590] cloud-init[894]: Your identification has been saved in /etc/ssh/ssh_host_rsa_key.
[   16.742616] cloud-init[894]: Your public key has been saved in /etc/ssh/ssh_host_rsa_key.pub.
[   16.744794] cloud-init[894]: The key fingerprint is:
[   16.746555] cloud-init[894]: SHA256:fBxRahXxmzYQGAxObbiVXiJBMtYjRoczqXb+j5x32d8 root@ubuntu-bionic
[   16.748682] cloud-init[894]: The key's randomart image is:
[   16.750317] cloud-init[894]: +---[RSA 2048]----+
[   16.751898] cloud-init[894]: |     .==**o=*o   |
[   16.753637] cloud-init[894]: |     .B*= O+.o   |
[   16.755228] cloud-init[894]: |     o +.B+o. .  |
[   16.757077] cloud-init[894]: |    o ...o.. . o |
[   16.758578] cloud-init[894]: |   . o  S o   =  |
[   16.760146] cloud-init[894]: |      .  .   . . |
[   16.762004] cloud-init[[0;32m  OK  [0m] Started Initial cloud-init job (metadata service crawler).
[[0;32m  OK  [0m] Reached target Cloud-config availability.
[[0;32m  OK  [0m] Reached target System Initialization.
         Starting LXD - unix socket.
[[0;32m  OK  [0m] Started Ubuntu Advantage Timer for running repeated jobs.
[[0;32m  OK  [0m] Listening on ACPID Listen Socket.
[[0;32m  OK  [0m] Listening on D-Bus System Message Bus Socket.
[[0;32m  OK  [0m] Listening on cloud-init hotplug hook socket.
[[0;32m  OK  [0m] Started Daily apt download activities.
[[0;32m  OK  [0m] Started Daily apt upgrade and clean activities.
[[0;32m  OK  [0m] Started Daily Cleanup of Temporary Directories.
[[0;32m  OK  [0m] Listening on Open-iSCSI iscsid Socket.
[[0;32m  OK  [0m] Started ACPI Events Check.
[[0;32m  OK  [0m] Listening on UUID daemon activation socket.
[[0;32m  OK  [0m] Started Message of the Day.
[[0;32m  OK  [0m] Started Trigger to poll for Ubuntu â€¦(Only enabled on GCP LTS non-pro).
[[0;32m  OK  [0m] Reached target Paths.
         Starting Socket activation for snappy daemon.
[[0;32m  OK  [0m] Started Discard unused blocks once a week.
[[0;32m  OK  [0m] Reached target Timers.
[[0;32m  OK  [0m] Reached target Network is Online.
[[0;32m  OK  [0m] Reached target Remote File Systems (Pre).
[[0;32m  OK  [0m] Reached target Remote File Systems.
         Starting Availability of block devices...
[[0;32m  OK  [0m] Listening on LXD - unix socket.
[[0;32m  OK  [0m] Started Availability of block devices.
[894]: [[0;32m  OK  [0m] Listening on Socket activation for snappy daemon.
[[0;32m  OK  [0m] Reached target Sockets.
[[0;32m  OK  [0m] Reached target Basic System.
         Starting Accounts Service...
         Starting Virtualbox guest utils...
[[0;32m  OK  [0m] Started D-Bus System Message Bus.
|       .     o   |
[   16.784078] cloud-init[894]: |       ..o. o . .|
[   16.788834] cloud-init[894]: |        +o..   .E|
[   16.791886] cloud-init[894]: +----[SHA256]-----+
[   16.794368] cloud-init[894]: Generating public/private dsa key pair.
[   16.797022] cloud-init[894]: Your identification has been saved in /etc/ssh/ssh_host_dsa_key.
[   16.799318] cloud-init[894]: Your public key has been saved in /etc/ssh/ssh_host_dsa_key.pub.
[   16.802131] cloud-init[894]: The key fingerprint is:
[   16.804041] cloud-init[894]: SHA256:/Badu50qWlq/WmzGXwmuVGFKsypq1RoAZ2ALJAIE5+w root@ubuntu-bionic
[   16.806237] cloud-init[894]: The key's randomart image is:         Starting System Logging Service...
         Starting Login Service...

[   16.816262] cloud-init[894]: +---[DSA 1024]----+
[   16.819195] cloud-init[894]: |X+.o.            |
[   16.821071] cloud-init[894]: |o+o..o           |
[   16.823209] cloud-init[894]: |  o.+      o o   |
[   16.825709]          Starting Dispatcher daemon for systemd-networkd...
[[0;32m  OK  [0m] Started FUSE filesystem for LXC.
         Starting LXD - container startup/shutdown...
         Starting Pollinate to seed the pseudo random number generator...
[[0;32m  OK  [0m] Started Regular background program processing daemon.
cloud-init[894]: | .   . .  ..=..  |
[   16.831268] cloud-init[894]: |  E   . S .ooo   |[[0;32m  OK  [0m] Started irqbalance daemon.
         Starting LSB: automatic crash report generation...

[   16.834551] cloud-init[894]: |       o o.+o.. .|
[   16.836037] cloud-init[[0;32m  OK  [0m] Started Deferred execution scheduler.
         Starting LSB: Record successful boot for GRUB...
[894]: |      ..o.=.B. ..|
[   16.841989] cloud-init[894]: |     ....=o=.+ o |
[   16.846639] cloud-init[894]: |    ..  o..+=o+  |
[   16.849206] cloud-init[894]: +----[SHA256]-----+
[   16.850968] cloud-init[894]: Generating public/private ecdsa key pair.
[   16.855064] cloud-init[894]: Your identification has been saved in /etc/ssh/ssh_host_ecdsa_key.
[   16.857265] cloud-init[894]: Your public key has been saved in /etc/ssh/ssh_host_ecdsa_key.pub.
[   16.861031] cloud-init[894]: The key fingerprint is:
[   16.863152] cloud-init[894]: SHA256:f246f1SltRGIhw615iMVsANLcLIv22h50Mxk72zs9Dw root@ubuntu-bionic
[   16.865532] cloud-init[894]: The key's randomart image is:
[   16.867442] cloud-init[894]: +---[ECDSA 256]---+
[   16.869327] cloud-init[894]: |     o.+ .ooo ...|
[   16.871235] cloud-init[894]: |      = o..ooo .o|
[   16.873186] cloud-init[894]: |     . + oo+.  o+|
[   16.874894] cloud-init[894]: |      B . =.  ...|
[   16.876705] cloud-init[894]: |     o =So o   . |
[   16.878373] cloud-init[894]: |      B +.. . .  |
[   16.881422] cloud-init[894]: |     = o *. ..   |
[   16.883022] cloud-init[894]: |    . . + +E. .  |
[   16.884757] cloud-init[894]: |         ..B+.   |
[   16.886403] cloud-init[894]: +----[SHA256]-----+
[   16.888831] cloud-init[894]: Generating public/private ed25519 key pair.
[   16.890732] cloud-init[894]: Your identification has been saved in /etc/ssh/ssh_host_ed25519_key.
[   16.892943] cloud-init[894]: Your public key has been saved in /etc/ssh/ssh_host_ed25519_key.pub.
[   16.895078] cloud-init[894]: The key fingerprint is:
[   16.896814] cloud-init[894]: SHA256:Jy1IT7+xvDBNYhT0/GkGohWBiZt0iCzuSlRiLr8ous8 root@ubuntu-bionic         Starting Snap Daemon...
         Starting Permit User Sessions...
[[0;32m  OK  [0m] Started System Logging Service.

[   16.901083] cloud-init[894]: [[0;32m  OK  [0m] Started Login Service.
The key's randomart image is:[[0;32m  OK  [0m] Started Unattended Upgrades Shutdown.
         Starting Authorization Manager...

[   16.905058] cloud-init[894]: +--[ED25519 256]--+
[   16.908255] cloud-init[894]: | . . o +=.       |
[   16.909892] cloud-init[894]: |.oo.+ +  =       |
[   16.911447] cloud-init[894]: |+.o. +. = +      |
[   16.913286] cloud-init[894]: |.+  o. B + o .   |
[   16.914926] cloud-init[894]: |+.    o S * =    |
[   16.916665] cloud-init[894]: | o.    . O *     |
[   16.918241] cloud-init[894]: |o. .    o =      |
[   16.920836] cloud-init[894]: |+..      o .     |
[   16.923126] cloud-init[894]: |=oE       .      |
[   16.924876] cloud-init[894]: +----[SHA256]-----+
[[0;32m  OK  [0m] Started Permit User Sessions.
         Starting Terminate Plymouth Boot Screen...
         Starting Hold until boot process finishes up...
[[0;32m  OK  [0m] Started Hold until boot process finishes up.
[[0;32m  OK  [0m] Started Serial Getty on ttyS0.
         Starting Set console scheme...
[[0;32m  OK  [0m] Started Terminate Plymouth Boot Screen.
[[0;32m  OK  [0m] Started Authorization Manager.
[[0;32m  OK  [0m] Started Accounts Service.
[[0;32m  OK  [0m] Started LSB: automatic crash report generation.
[[0;32m  OK  [0m] Started LSB: Record successful boot for GRUB.
[[0;32m  OK  [0m] Started Set console scheme.
[[0;32m  OK  [0m] Created slice system-getty.slice.
[[0;32m  OK  [0m] Started Getty on tty1.
[[0;32m  OK  [0m] Reached target Login Prompts.
[[0;32m  OK  [0m] Started LXD - container startup/shutdown.
[[0;32m  OK  [0m] Started Virtualbox guest utils.
[[0;32m  OK  [0m] Started Dispatcher daemon for systemd-networkd.
[[0;32m  OK  [0m] Started Snap Daemon.
         Starting Wait until snapd is fully seeded...
[[0;32m  OK  [0m] Started Pollinate to seed the pseudo random number generator.
         Starting OpenBSD Secure Shell server...
[[0;32m  OK  [0m] Started OpenBSD Secure Shell server.
[[0;32m  OK  [0m] Started Wait until snapd is fully seeded.
[[0;32m  OK  [0m] Reached target Multi-User System.
[[0;32m  OK  [0m] Reached target Graphical Interface.
         Starting Update UTMP about System Runlevel Changes...
         Starting Apply the settings specified in cloud-config...
[[0;32m  OK  [0m] Started Update UTMP about System Runlevel Changes.
[[0;32m  OK  [0m] Created slice User Slice of vagrant.
         Starting User Manager for UID 1000...
[[0;32m  OK  [0m] Started Session 1 of user vagrant.
[[0;32m  OK  [0m] Started User Manager for UID 1000.
[   20.324922] cloud-init[1452]: Cloud-init v. 21.4-0ubuntu1~18.04.1 running 'modules:config' at Wed, 19 Jan 2022 16:42:17 +0000. Up 19.56 seconds.
[[0;32m  OK  [0m] Started Apply the settings specified in cloud-config.
         Starting Execute cloud user/final scripts...
ci-info: no authorized SSH keys fingerprints found for user ubuntu.
<14>Jan 19 16:42:18 cloud-init: #############################################################
<14>Jan 19 16:42:18 cloud-init: -----BEGIN SSH HOST KEY FINGERPRINTS-----
<14>Jan 19 16:42:18 cloud-init: 1024 SHA256:/Badu50qWlq/WmzGXwmuVGFKsypq1RoAZ2ALJAIE5+w root@ubuntu-bionic (DSA)
<14>Jan 19 16:42:18 cloud-init: 256 SHA256:f246f1SltRGIhw615iMVsANLcLIv22h50Mxk72zs9Dw root@ubuntu-bionic (ECDSA)
<14>Jan 19 16:42:18 cloud-init: 256 SHA256:Jy1IT7+xvDBNYhT0/GkGohWBiZt0iCzuSlRiLr8ous8 root@ubuntu-bionic (ED25519)
<14>Jan 19 16:42:18 cloud-init: 2048 SHA256:fBxRahXxmzYQGAxObbiVXiJBMtYjRoczqXb+j5x32d8 root@ubuntu-bionic (RSA)
<14>Jan 19 16:42:18 cloud-init: -----END SSH HOST KEY FINGERPRINTS-----
<14>Jan 19 16:42:18 cloud-init: #############################################################
-----BEGIN SSH HOST KEY KEYS-----
ecdsa-sha2-nistp256 AAAAE2VjZHNhLXNoYTItbmlzdHAyNTYAAAAIbmlzdHAyNTYAAABBBKYPlsAoPlx4Czq/6srIbTLoQx3vFVQLgWlYpGheByHe7AxYLPcSRuxHFVMX3HfTVJb3fHGiN5ptsqb0+OdwT2M= root@ubuntu-bionic
ssh-ed25519 AAAAC3NzaC1lZDI1NTE5AAAAIKykpu/dt6Qx1BJgyorL+Pd5YMJhShWdLfRCBnVh7f/7 root@ubuntu-bionic
ssh-rsa AAAAB3NzaC1yc2EAAAADAQABAAABAQC+MBMShuMtQ3MaqzvhEAwd7GsYdyDqbzX6jEXN/cYlPqPoEoYGVzyvBogjIhh4CG19Sc/cprHkaEwTOTyr8/AxErhcWg/VePphok5gm9AcVo/M46z0o7I/4n374n6IJk/w+x38hMdjAZIBq35EWjFowvaf0KrxJRneRZPWWGvZFb3QrWD36eaa6dI+90N85LsMGaMBEvKb4pAbMFG3kpzu3gRlr+tTYCS9H/ircGP1qLkhnnCb+JGUA+oUpVMiR1sGz1j/1OJaL3Kk889Sy+irnolOb3KwoenO6jDaojWLbB1YT8xwLDk1SH4Zp8MqES1tUOVmTkv+LyPa4qT0xkJH root@ubuntu-bionic
-----END SSH HOST KEY KEYS-----
[   21.078175] cloud-init[1578]: Cloud-init v. 21.4-0ubuntu1~18.04.1 running 'modules:final' at Wed, 19 Jan 2022 16:42:18 +0000. Up 20.78 seconds.
[   21.080071] cloud-init[1578]: ci-info: no authorized SSH keys fingerprints found for user ubuntu.
[   21.081398] cloud-init[1578]: Cloud-init v. 21.4-0ubuntu1~18.04.1 finished at Wed, 19 Jan 2022 16:42:18 +0000. Datasource DataSourceNoCloud [seed=/dev/sdb][dsmode=net].  Up 21.07 seconds
[[0;32m  OK  [0m] Started Execute cloud user/final scripts.
[[0;32m  OK  [0m] Reached target Cloud-init target.

Ubuntu 18.04.6 LTS ubuntu-bionic ttyS0

ubuntu-bionic login: [[0;32m  OK  [0m] Stopped target Host and Network Name Lookups.
         Stopping User Manager for UID 1000...
[[0;32m  OK  [0m] Stopped target Timers.
[[0;32m  OK  [0m] Stopped M[[0;32m  OK  [0m] Closed Load/Save RF Kill Switch Status /dev/rfkill Watch.
         Stopping Availability of block devices...
[[0;32m  OK  [0m] Stopped target Graphical Interface.
[[0;32m  OK  [0m] Stopped target Cloud-init target.
[[0;32m  OK  [0m] Stopped Execute cloud user/final scripts.
[[0;32m  OK  [0m] Stopped target Timers.
[[0;32m  OK  [0m] Stopped Ubuntu Advantage Timer for running repeated jobs.
[[0;32m  OK  [0m] Stopped Message of the Day.
         Stopping Session 6 of user vagrant.
         Stopping User Manager for UID 1000...
[[0;32m  OK  [0m] Stopped Apply the settings specified in cloud-config.
[[0;32m  OK  [0m] Stopped target Cloud-config availability.
[[0;32m  OK  [0m] Stopped target Host and Network Name Lookups.
         Stopping Network Name Resolution...
[[0;32m  OK  [0m] Stopped target Multi-User System.
         Stopping Dispatcher daemon for systemd-networkd...
         Stopping Deferred execution scheduler...
         Stopping Regular background program processing daemon...
         Stopping FUSE filesystem for LXC...
         Stopping System Logging Service...
         Stopping LSB: automatic crash report generation...
         Stopping D-Bus System Message Bus...
[[0;32m  OK  [0m] Stopped target Login Prompts.
         Stopping Getty on tty1...
         Stopping OpenBSD Secure Shell server...
[[0;32m  OK  [0m] Stopped Wait until snapd is fully seeded.
         Stopping Virtualbox guest utils...
         Stopping LXD - container startup/shutdown...
[[0;32m  OK  [0m] Stopped Daily apt upgrade and clean activities.
[[0;32m  OK  [0m] Stopped Discard unused blocks once a week.
         Stopping Serial Getty on ttyS0...
[[0;32m  OK  [0m] Stopped Daily Cleanup of Temporary Directories.
         Stopping Authorization Manager...
         Stopping LSB: Record successful boot for GRUB...
         Stopping Accounts Service...
[[0;32m  OK  [0m] Stopped Daily apt download activities.
[[0;32m  OK  [0m] Stopped target System Time Synchronized.
         Stopping irqbalance daemon...
[[0;32m  OK  [0m] Stopped Deferred execution scheduler.
[[0;32m  OK  [0m] Stopped Regular background program processing daemon.
[[0;32m  OK  [0m] Stopped System Logging Service.
[[0;32m  OK  [0m] Unmounted /var/lib/lxcfs.
[[0;32m  OK  [0m] Stopped irqbalance daemon.
[[0;32m  OK  [0m] Stopped Dispatcher daemon for systemd-networkd.
[[0;32m  OK  [0m] Stopped OpenBSD Secure Shell server.
[[0;32m  OK  [0m] Stopped Session 6 of user vagrant.
[[0;32m  OK  [0m] Stopped Availability of block devices.
[[0;32m  OK  [0m] Stopped LXD - container startup/shutdown.
[[0;32m  OK  [0m] Stopped Accounts Service.
[[0;32m  OK  [0m] Stopped Getty on tty1.
[[0;32m  OK  [0m] Stopped Network Name Resolution.
[[0;32m  OK  [0m] Stopped Serial Getty on ttyS0.
[[0;32m  OK  [0m] Stopped Authorization Manager.
[[0;32m  OK  [0m] Removed slice system-serial\x2dgetty.slice.
         Stopping Network Service...
[[0;32m  OK  [0m] Removed slice system-getty.slice.
[[0;32m  OK  [0m] Stopped FUSE filesystem for LXC.
[[0;32m  OK  [0m] Stopped User Manager for UID 1000.
[[0;32m  OK  [0m] Stopped D-Bus System Message Bus.
[[0;32m  OK  [0m] Removed slice User Slice of vagrant.
         Stopping Permit User Sessions...
         Stopping Login Service...
[[0;32m  OK  [0m] Stopped Permit User Sessions.
[[0;32m  OK  [0m] Stopped LSB: Record successful boot for GRUB.
[[0;32m  OK  [0m] Stopped LSB: automatic crash report generation.
[[0;32m  OK  [0m] Stopped target Remote File Systems.
[[0;32m  OK  [0m] Stopped Network Service.
[[0;32m  OK  [0m] Stopped Login Service.
[[0;32m  OK  [0m] Stopped target User and Group Name Lookups.
[[0;32m  OK  [0m] Stopped target Network (Pre).
[[0;32m  OK  [0m] Stopped Virtualbox guest utils.
[[0;32m  OK  [0m] Stopped target Basic System.
[[0;32m  OK  [0m] Stopped target Slices.
[[0;32m  OK  [0m] Removed slice User and Session Slice.
[[0;32m  OK  [0m] Stopped target Paths.
[[0;32m  OK  [0m] Stopped ACPI Events Check.
[[0;32m  OK  [0m] Stopped Trigger to poll for Ubuntu â€¦(Only enabled on GCP LTS non-pro).
[[0;32m  OK  [0m] Stopped target Sockets.
[[0;32m  OK  [0m] Closed ACPID Listen Socket.
[[0;32m  OK  [0m] Closed UUID daemon activation socket.
[[0;32m  OK  [0m] Closed Socket activation for snappy daemon.
[[0;32m  OK  [0m] Closed LXD - unix socket.
[[0;32m  OK  [0m] Closed D-Bus System Message Bus Socket.
[[0;32m  OK  [0m] Closed cloud-init hotplug hook socket.
[[0;32m  OK  [0m] Closed Open-iSCSI iscsid Socket.
[[0;32m  OK  [0m] Closed Syslog Socket.
[[0;32m  OK  [0m] Stopped target System Initialization.
[[0;32m  OK  [0m] Stopped Apply Kernel Variables.
[[0;32m  OK  [0m] Stopped Commit a transient machine-id on disk.
[[0;32m  OK  [0m] Stopped target Local Encrypted Volumes.
[[0;32m  OK  [0m] Stopped Dispatch Password Requests to Console Directory Watch.
[[0;32m  OK  [0m] Stopped Forward Password Requests to Wall Directory Watch.
         Stopping Load/Save Random Seed...
[[0;32m  OK  [0m] Stopped Load Kernel Modules.
         Stopping Update UTMP about System Boot/Shutdown...
[[0;32m  OK  [0m] Stopped Load/Save Random Seed.
[[0;32m  OK  [0m] Stopped Update UTMP about System Boot/Shutdown.
[[0;32m  OK  [0m] Stopped Create Volatile Files and Directories.
[[0;32m  OK  [0m] Stopped target Local File Systems.
         Unmounting /run/user/1000...
         Unmounting /vagrant...
[[0;32m  OK  [0m] Unmounted /run/user/1000.
[[0;32m  OK  [0m] Stopped target Swap.
[[0;32m  OK  [0m] Unmounted /vagrant.
[[0;32m  OK  [0m] Reached target Unmount All Filesystems.
[[0;32m  OK  [0m] Stopped target Local File Systems (Pre).
[[0;32m  OK  [0m] Stopped Create Static Device Nodes in /dev.
         Stopping Monitoring of LVM2 mirrorsâ€¦ng dmeventd or progress polling...
[[0;32m  OK  [0m] Stopped target Remote File Systems (Pre).
[[0;32m  OK  [0m] Stopped target Network is Online.
[[0;32m  OK  [0m] Stopped Initial cloud-init job (metadata service crawler).
[[0;32m  OK  [0m] Stopped Initial cloud-init job (pre-networking).
[[0;32m  OK  [0m] Stopped Remount Root and Kernel File Systems.
[[0;32m  OK  [0m] Reached target Shutdown.
[[0;32m  OK  [0m] Reached target Final Step.
         Starting Power-Off...
[[0;32m  OK  [0m] Stopped Monitoring of LVM2 mirrors,â€¦sing dmeventd or progress polling.
         Stopping LVM2 metadata daemon...
[[0;32m  OK  [0m] Stopped LVM2 metadata daemon.
[ 5594.305275] reboot: Power down
